five
six
five
two
one
four
seven
two
six
oh
four
four
seven
zero
zero
seven
eight
four
nine
four
oh
three
nine
nine
seven
two
five
four
eight
eight
two
one
three
zero
eight
six
nine
five
seven
oh
eight
eight
oh
eight
seven
nine
six
four
four
two
oh
five
seven
zero
three
zero
two
nine
eight
zero
eight
three
two
five
oh
five
five
six
three
seven
seven
six
two
seven
zero
nine
oh
seven
four
four
five
eight
three
two
four
four
five
two
two
seven
zero
three
one
one
nine
zero
oh
six
eight
four
five
four
one
four
one
eight
six
one
two
six
nine
seven
oh
nine
zero
eight
six
oh
seven
five
one
six
three
three
eight
five
nine
oh
one
six
three
zero
four
zero
eight
one
eight
one
six
oh
nine
seven
zero
seven
six
three
five
nine
zero
two
seven
five
oh
oh
nine
oh
one
zero
three
five
one
four
four
six
eight
nine
eight
five
two
five
one
oh
eight
three
nine
nine
two
zero
five
two
eight
one
oh
four
nine
six
five
oh
zero
two
three
one
six
one
one
five
zero
two
six
six
