five
one
oh
four
six
four
oh
nine
one
six
one
one
seven
seven
four
three
zero
oh
oh
five
six
four
six
two
two
two
eight
four
oh
oh
seven
zero
four
four
oh
four
seven
eight
one
four
oh
zero
five
one
nine
three
nine
nine
two
zero
six
seven
five
seven
seven
one
three
zero
two
four
zero
eight
four
eight
six
eight
two
four
two
two
four
zero
five
five
four
one
six
zero
three
eight
nine
six
oh
two
six
three
nine
nine
five
six
oh
two
one
one
four
three
oh
six
zero
four
nine
zero
one
eight
zero
four
two
oh
eight
three
nine
seven
four
oh
eight
four
four
one
one
seven
six
four
one
one
three
eight
eight
three
six
two
one
one
nine
zero
three
oh
nine
five
seven
four
six
nine
one
three
one
one
zero
zero
nine
six
eight
five
nine
oh
three
one
three
eight
eight
nine
five
six
three
five
oh
five
three
eight
zero
zero
two
one
eight
seven
four
one
seven
three
eight
nine
nine
three
three
two
five
four
nine
nine
four
nine
eight
four
two
oh
six
nine
nine
seven
seven
zero
