two
nine
one
one
six
two
eight
eight
seven
zero
three
three
three
two
oh
four
eight
nine
two
seven
four
one
zero
seven
seven
eight
one
three
nine
three
three
eight
seven
two
six
one
five
six
four
four
five
zero
two
five
six
seven
four
four
seven
oh
five
nine
one
three
nine
two
nine
three
zero
one
seven
four
two
three
three
nine
zero
one
zero
four
two
one
six
four
zero
two
two
nine
one
six
seven
zero
two
two
eight
seven
oh
three
two
oh
one
oh
five
seven
six
six
three
nine
zero
five
six
zero
one
five
five
two
nine
seven
one
six
six
two
one
oh
eight
eight
five
one
three
eight
three
seven
nine
three
seven
oh
eight
seven
zero
six
oh
five
three
six
eight
five
four
four
two
eight
five
one
eight
oh
five
seven
six
six
seven
nine
oh
six
four
six
two
eight
eight
two
two
zero
five
zero
one
nine
oh
nine
eight
four
seven
three
three
zero
eight
nine
nine
zero
one
four
oh
two
two
eight
four
six
three
zero
nine
six
oh
four
five
three
six
five
nine
five
six
oh
five
zero
